#-----------------------------------------------------------
# Vivado v2015.3 (64-bit)
# SW Build 1368829 on Mon Sep 28 20:06:43 MDT 2015
# IP Build 1367837 on Mon Sep 28 08:56:14 MDT 2015
# Start of session at: Thu Jun 21 14:18:04 2018
# Process ID: 20000
# Current directory: C:/Users/43787/Desktop/Vivado/Multiple-CPU/Multiple-CPU
# Command line: vivado.exe -gui_launcher_event rodinguilauncherevent20648 C:\Users\43787\Desktop\Vivado\Multiple-CPU\Multiple-CPU\Multiple-CPU.xpr
# Log file: C:/Users/43787/Desktop/Vivado/Multiple-CPU/Multiple-CPU/vivado.log
# Journal file: C:/Users/43787/Desktop/Vivado/Multiple-CPU/Multiple-CPU\vivado.jou
#-----------------------------------------------------------
start_gui
open_project C:/Users/43787/Desktop/Vivado/Multiple-CPU/Multiple-CPU/Multiple-CPU.xpr
file mkdir C:/Users/43787/Desktop/Vivado/Multiple-CPU/Multiple-CPU/Multiple-CPU.srcs/sources_1/new
close [ open C:/Users/43787/Desktop/Vivado/Multiple-CPU/Multiple-CPU/Multiple-CPU.srcs/sources_1/new/BDR.v w ]
add_files C:/Users/43787/Desktop/Vivado/Multiple-CPU/Multiple-CPU/Multiple-CPU.srcs/sources_1/new/BDR.v
close [ open C:/Users/43787/Desktop/Vivado/Multiple-CPU/Multiple-CPU/Multiple-CPU.srcs/sources_1/new/ADR.v w ]
add_files C:/Users/43787/Desktop/Vivado/Multiple-CPU/Multiple-CPU/Multiple-CPU.srcs/sources_1/new/ADR.v
close [ open C:/Users/43787/Desktop/Vivado/Multiple-CPU/Multiple-CPU/Multiple-CPU.srcs/sources_1/new/ALUOutDR.v w ]
add_files C:/Users/43787/Desktop/Vivado/Multiple-CPU/Multiple-CPU/Multiple-CPU.srcs/sources_1/new/ALUOutDR.v
close [ open C:/Users/43787/Desktop/Vivado/Multiple-CPU/Multiple-CPU/Multiple-CPU.srcs/sources_1/new/IR.v w ]
add_files C:/Users/43787/Desktop/Vivado/Multiple-CPU/Multiple-CPU/Multiple-CPU.srcs/sources_1/new/IR.v
close [ open C:/Users/43787/Desktop/Vivado/Multiple-CPU/Multiple-CPU/Multiple-CPU.srcs/sources_1/new/DBDR.v w ]
add_files C:/Users/43787/Desktop/Vivado/Multiple-CPU/Multiple-CPU/Multiple-CPU.srcs/sources_1/new/DBDR.v
update_compile_order -fileset sources_1
update_compile_order -fileset sources_1
update_compile_order -fileset sim_1
close [ open C:/Users/43787/Desktop/Vivado/Multiple-CPU/Multiple-CPU/Multiple-CPU.srcs/sources_1/new/2to1_selector.v w ]
add_files C:/Users/43787/Desktop/Vivado/Multiple-CPU/Multiple-CPU/Multiple-CPU.srcs/sources_1/new/2to1_selector.v
close [ open C:/Users/43787/Desktop/Vivado/Multiple-CPU/Multiple-CPU/Multiple-CPU.srcs/sources_1/new/3to1_selector.v w ]
add_files C:/Users/43787/Desktop/Vivado/Multiple-CPU/Multiple-CPU/Multiple-CPU.srcs/sources_1/new/3to1_selector.v
close [ open C:/Users/43787/Desktop/Vivado/Multiple-CPU/Multiple-CPU/Multiple-CPU.srcs/sources_1/new/4to1_selector.v w ]
add_files C:/Users/43787/Desktop/Vivado/Multiple-CPU/Multiple-CPU/Multiple-CPU.srcs/sources_1/new/4to1_selector.v
update_compile_order -fileset sources_1
remove_files C:/Users/43787/Desktop/Vivado/Multiple-CPU/Multiple-CPU/Multiple-CPU.srcs/sources_1/new/2to1_selector.v
file delete -force C:/Users/43787/Desktop/Vivado/Multiple-CPU/Multiple-CPU/Multiple-CPU.srcs/sources_1/new/2to1_selector.v
remove_files {C:/Users/43787/Desktop/Vivado/Multiple-CPU/Multiple-CPU/Multiple-CPU.srcs/sources_1/new/3to1_selector.v C:/Users/43787/Desktop/Vivado/Multiple-CPU/Multiple-CPU/Multiple-CPU.srcs/sources_1/new/4to1_selector.v}
file delete -force C:/Users/43787/Desktop/Vivado/Multiple-CPU/Multiple-CPU/Multiple-CPU.srcs/sources_1/new/3to1_selector.v C:/Users/43787/Desktop/Vivado/Multiple-CPU/Multiple-CPU/Multiple-CPU.srcs/sources_1/new/4to1_selector.v
close [ open C:/Users/43787/Desktop/Vivado/Multiple-CPU/Multiple-CPU/Multiple-CPU.srcs/sources_1/new/selector_4to1.v w ]
add_files C:/Users/43787/Desktop/Vivado/Multiple-CPU/Multiple-CPU/Multiple-CPU.srcs/sources_1/new/selector_4to1.v
close [ open C:/Users/43787/Desktop/Vivado/Multiple-CPU/Multiple-CPU/Multiple-CPU.srcs/sources_1/new/selector_3to1.v w ]
add_files C:/Users/43787/Desktop/Vivado/Multiple-CPU/Multiple-CPU/Multiple-CPU.srcs/sources_1/new/selector_3to1.v
close [ open C:/Users/43787/Desktop/Vivado/Multiple-CPU/Multiple-CPU/Multiple-CPU.srcs/sources_1/new/selector_2to1.v w ]
add_files C:/Users/43787/Desktop/Vivado/Multiple-CPU/Multiple-CPU/Multiple-CPU.srcs/sources_1/new/selector_2to1.v
update_compile_order -fileset sources_1
close [ open C:/Users/43787/Desktop/Vivado/Multiple-CPU/Multiple-CPU/Multiple-CPU.srcs/sources_1/new/PC.v w ]
add_files C:/Users/43787/Desktop/Vivado/Multiple-CPU/Multiple-CPU/Multiple-CPU.srcs/sources_1/new/PC.v
update_compile_order -fileset sources_1
remove_files C:/Users/43787/Desktop/Vivado/Multiple-CPU/Multiple-CPU/Multiple-CPU.srcs/sources_1/new/selector_4to1.v
file delete -force C:/Users/43787/Desktop/Vivado/Multiple-CPU/Multiple-CPU/Multiple-CPU.srcs/sources_1/new/selector_4to1.v
remove_files C:/Users/43787/Desktop/Vivado/Multiple-CPU/Multiple-CPU/Multiple-CPU.srcs/sources_1/new/PC.v
file delete -force C:/Users/43787/Desktop/Vivado/Multiple-CPU/Multiple-CPU/Multiple-CPU.srcs/sources_1/new/PC.v
close [ open C:/Users/43787/Desktop/Vivado/Multiple-CPU/Multiple-CPU/Multiple-CPU.srcs/sources_1/new/PC.v w ]
add_files C:/Users/43787/Desktop/Vivado/Multiple-CPU/Multiple-CPU/Multiple-CPU.srcs/sources_1/new/PC.v
update_compile_order -fileset sources_1
close [ open C:/Users/43787/Desktop/Vivado/Multiple-CPU/Multiple-CPU/Multiple-CPU.srcs/sources_1/new/InstructionMemory.v w ]
add_files C:/Users/43787/Desktop/Vivado/Multiple-CPU/Multiple-CPU/Multiple-CPU.srcs/sources_1/new/InstructionMemory.v
update_compile_order -fileset sources_1
close [ open C:/Users/43787/Desktop/Vivado/Multiple-CPU/Multiple-CPU/Multiple-CPU.srcs/sources_1/new/RegisterFile.v w ]
add_files C:/Users/43787/Desktop/Vivado/Multiple-CPU/Multiple-CPU/Multiple-CPU.srcs/sources_1/new/RegisterFile.v
update_compile_order -fileset sources_1
close [ open C:/Users/43787/Desktop/Vivado/Multiple-CPU/Multiple-CPU/Multiple-CPU.srcs/sources_1/new/SignZeroExtend.v w ]
add_files C:/Users/43787/Desktop/Vivado/Multiple-CPU/Multiple-CPU/Multiple-CPU.srcs/sources_1/new/SignZeroExtend.v
update_compile_order -fileset sources_1
close [ open C:/Users/43787/Desktop/Vivado/Multiple-CPU/Multiple-CPU/Multiple-CPU.srcs/sources_1/new/ALU.v w ]
add_files C:/Users/43787/Desktop/Vivado/Multiple-CPU/Multiple-CPU/Multiple-CPU.srcs/sources_1/new/ALU.v
update_compile_order -fileset sources_1
close [ open C:/Users/43787/Desktop/Vivado/Multiple-CPU/Multiple-CPU/Multiple-CPU.srcs/sources_1/new/DataMemory.v w ]
add_files C:/Users/43787/Desktop/Vivado/Multiple-CPU/Multiple-CPU/Multiple-CPU.srcs/sources_1/new/DataMemory.v
update_compile_order -fileset sources_1
close [ open C:/Users/43787/Desktop/Vivado/Multiple-CPU/Multiple-CPU/Multiple-CPU.srcs/sources_1/new/DFlipFlop.v w ]
add_files C:/Users/43787/Desktop/Vivado/Multiple-CPU/Multiple-CPU/Multiple-CPU.srcs/sources_1/new/DFlipFlop.v
update_compile_order -fileset sources_1
close [ open C:/Users/43787/Desktop/Vivado/Multiple-CPU/Multiple-CPU/Multiple-CPU.srcs/sources_1/new/NextState.v w ]
add_files C:/Users/43787/Desktop/Vivado/Multiple-CPU/Multiple-CPU/Multiple-CPU.srcs/sources_1/new/NextState.v
update_compile_order -fileset sources_1
close [ open C:/Users/43787/Desktop/Vivado/Multiple-CPU/Multiple-CPU/Multiple-CPU.srcs/sources_1/new/head.v w ]
add_files C:/Users/43787/Desktop/Vivado/Multiple-CPU/Multiple-CPU/Multiple-CPU.srcs/sources_1/new/head.v
update_compile_order -fileset sources_1
close [ open C:/Users/43787/Desktop/Vivado/Multiple-CPU/Multiple-CPU/Multiple-CPU.srcs/sources_1/new/OuputControlSign.v w ]
add_files C:/Users/43787/Desktop/Vivado/Multiple-CPU/Multiple-CPU/Multiple-CPU.srcs/sources_1/new/OuputControlSign.v
update_compile_order -fileset sources_1
